// Jest Snapshot v1, https://goo.gl/fbAQLP

exports[`BookList matches snapshot 1`] = `
<DocumentFragment>
  <div
    class="ant-list ant-list-split ant-list-grid"
  >
    <div
      class="ant-spin-nested-loading"
    >
      <div
        class="ant-spin-container"
      >
        <div
          class="ant-row"
          style="margin-left: -8px; margin-right: -8px;"
        >
          <div>
            <div
              class="ant-col"
              style="padding-left: 8px; padding-right: 8px; flex: 1 1 auto;"
            >
              <div
                class="ant-list-item"
                data-testid="book-list-item"
              >
                <a
                  data-testid="book-list-anchor"
                  href="/books/1"
                >
                  <div
                    class="ant-card ant-card-bordered"
                  >
                    <div
                      class="ant-card-head"
                    >
                      <div
                        class="ant-card-head-wrapper"
                      >
                        <div
                          class="ant-card-head-title"
                        >
                          title1
                        </div>
                      </div>
                    </div>
                    <div
                      class="ant-card-body"
                    >
                      description1
                    </div>
                  </div>
                </a>
              </div>
            </div>
          </div>
          <div>
            <div
              class="ant-col"
              style="padding-left: 8px; padding-right: 8px; flex: 1 1 auto;"
            >
              <div
                class="ant-list-item"
                data-testid="book-list-item"
              >
                <a
                  data-testid="book-list-anchor"
                  href="/books/2"
                >
                  <div
                    class="ant-card ant-card-bordered"
                  >
                    <div
                      class="ant-card-head"
                    >
                      <div
                        class="ant-card-head-wrapper"
                      >
                        <div
                          class="ant-card-head-title"
                        >
                          title2
                        </div>
                      </div>
                    </div>
                    <div
                      class="ant-card-body"
                    >
                      description2
                    </div>
                  </div>
                </a>
              </div>
            </div>
          </div>
          <div>
            <div
              class="ant-col"
              style="padding-left: 8px; padding-right: 8px; flex: 1 1 auto;"
            >
              <div
                class="ant-list-item"
                data-testid="book-list-item"
              >
                <a
                  data-testid="book-list-anchor"
                  href="/books/3"
                >
                  <div
                    class="ant-card ant-card-bordered"
                  >
                    <div
                      class="ant-card-head"
                    >
                      <div
                        class="ant-card-head-wrapper"
                      >
                        <div
                          class="ant-card-head-title"
                        >
                          title3
                        </div>
                      </div>
                    </div>
                    <div
                      class="ant-card-body"
                    >
                      description3
                    </div>
                  </div>
                </a>
              </div>
            </div>
          </div>
          <div>
            <div
              class="ant-col"
              style="padding-left: 8px; padding-right: 8px; flex: 1 1 auto;"
            >
              <div
                class="ant-list-item"
                data-testid="book-list-item"
              >
                <a
                  data-testid="book-list-anchor"
                  href="/books/4"
                >
                  <div
                    class="ant-card ant-card-bordered"
                  >
                    <div
                      class="ant-card-head"
                    >
                      <div
                        class="ant-card-head-wrapper"
                      >
                        <div
                          class="ant-card-head-title"
                        >
                          title4
                        </div>
                      </div>
                    </div>
                    <div
                      class="ant-card-body"
                    >
                      description4
                    </div>
                  </div>
                </a>
              </div>
            </div>
          </div>
        </div>
      </div>
    </div>
  </div>
</DocumentFragment>
`;
